Γ£à StateManager initialized with 10 boards
≡ƒôè Total items: 111
Running StateManager tests...

Γ£ô Test passed: addItemWithCloudSync adds item to local state immediately
Γ£ô Test passed: addItemWithCloudSync persists item to localStorage
Γ£ô Test passed: addItemWithCloudSync triggers cloud sync in background
Γ£ô Test passed: addItemWithCloudSync updates sync status to synced on success
node : Background sync failed for item: chores-1772202576474-evkirt6dz Error: API 
error: Network failure
At line:1 char:1
+ node construction/unit/src/test-runner.js > test_output.txt 2>&1; Get ...
+ ~~~~~~~~~~~~~~~~~~~~~~~~~~~~~~~~~~~~~~~~~~~~~~~~~~~~~~~~~~~~~~~~
    + CategoryInfo          : NotSpecified: (Background sync...Network failure:String)  
   [], RemoteException
    + FullyQualifiedErrorId : NativeCommandError
 
    at apiService.appendItem (C:\Users\SamanthaVivienServo\side\personal 
projects\life-checklist\construction\unit\src\state.test.js:184:11)
    at StateManager.syncItemToCloud (C:\Users\SamanthaVivienServo\side\personal 
projects\life-checklist\construction\unit\src\state.js:382:24)
    at StateManager.addItemWithCloudSync (C:\Users\SamanthaVivienServo\side\personal 
projects\life-checklist\construction\unit\src\state.js:370:10)
    at testAddItemWithCloudSyncUpdatesSyncStatusOnError 
(C:\Users\SamanthaVivienServo\side\personal 
projects\life-checklist\construction\unit\src\state.test.js:189:40)
    at Object.runAllStateTests (C:\Users\SamanthaVivienServo\side\personal 
projects\life-checklist\construction\unit\src\state.test.js:657:11)
Γ£ô Test passed: addItemWithCloudSync updates sync status to failed on error
Γ£ô Test passed: addItemWithCloudSync generates unique ID if not provided
Γ£ô Loaded 2 items from Google Sheets for chores
Γ£ô Test passed: loadFromGoogleSheets fetches items from Google Sheets API
Failed to load items from Google Sheets for chores: Error: API error: Network failure
    at apiService.fetchBoardFromSheet (C:\Users\SamanthaVivienServo\side\personal 
projects\life-checklist\construction\unit\src\state.test.js:344:11)
    at StateManager.loadFromGoogleSheets (C:\Users\SamanthaVivienServo\side\personal 
projects\life-checklist\construction\unit\src\state.js:409:43)
    at testLoadFromGoogleSheetsReturnsEmptyArrayOnFailure 
(C:\Users\SamanthaVivienServo\side\personal 
projects\life-checklist\construction\unit\src\state.test.js:349:48)
    at Object.runAllStateTests (C:\Users\SamanthaVivienServo\side\personal 
projects\life-checklist\construction\unit\src\state.test.js:662:11)
Γ£ô Test passed: loadFromGoogleSheets returns empty array on API failure
Invalid response from Google Sheets for chores: expected array, got object
Γ£ô Test passed: loadFromGoogleSheets handles invalid response gracefully
Γ£ô Loaded 0 items from Google Sheets for chores
Γ£ô Test passed: loadFromGoogleSheets returns empty array when no items exist
Γ£ô Merged 19 items for chores (2 from cloud)
Γ£ô Test passed: mergeCloudItems merges cloud items with local items
Γ£ô Merged 20 items for chores (1 from cloud)
Γ£ô Test passed: mergeCloudItems deduplicates items by ID
Skipped duplicate item: Unique test item (daily)
Γ£ô Merged 3 items for gym (1 from cloud)
Γ£ô Test passed: mergeCloudItems deduplicates items by name + category
Γ£ô Merged 22 items for chores (0 from cloud)
Γ£ô Test passed: mergeCloudItems handles empty cloud items
Γ£ô Test passed: mergeCloudItems handles invalid cloud items gracefully
Invalid cloudItems for chores: expected array, got object
Γ£ô Merged 12 items for chores (1 from cloud)
Γ£ô Test passed: mergeCloudItems updates board state and saves to localStorage

Running deduplicateItems tests...

Skipped duplicate item by ID: item-1
Γ£ô Deduplicated 3 items to 2 items
Γ£ô Test passed: deduplicateItems removes duplicate items by ID
Skipped duplicate item by name+category: Meal prep (daily)
Γ£ô Deduplicated 3 items to 2 items
Γ£ô Test passed: deduplicateItems removes duplicate items by name + category
Skipped duplicate item by ID: item-1
Γ£ô Deduplicated 3 items to 2 items
Γ£ô Test passed: deduplicateItems keeps first occurrence when duplicates exist
Γ£ô Test passed: deduplicateItems handles empty array
deduplicateItems: expected array, got object
Γ£ô Test passed: deduplicateItems handles invalid input gracefully
Skipped duplicate item by name+category: Item 1 (daily)
Γ£ô Deduplicated 3 items to 2 items
Γ£ô Test passed: deduplicateItems handles items without ID
Skipped duplicate item by name+category: Clean (daily)
Γ£ô Deduplicated 3 items to 2 items
Γ£ô Test passed: deduplicateItems handles items with different categories
Skipped duplicate item by name+category: Item 1 (null)
Γ£ô Deduplicated 3 items to 2 items
Γ£ô Test passed: deduplicateItems handles items with null/undefined category
Skipped duplicate item by ID: item-1
Skipped duplicate item by ID: item-2
Γ£ô Deduplicated 5 items to 3 items
Γ£ô Test passed: deduplicateItems returns array with no duplicates

Γ£ô All deduplicateItems tests passed!

Γ£ô All StateManager tests passed!
